Archive member included to satisfy reference by file (symbol)

../tinymips_monitor_on_nios2_bsp/\libhal_bsp.a(alt_getchar.o)
                              obj/default/src/peripheral_driver/uart.o (alt_getchar)
../tinymips_monitor_on_nios2_bsp/\libhal_bsp.a(alt_load.o)
                              ../tinymips_monitor_on_nios2_bsp//obj/HAL/src/crt0.o (alt_load)
../tinymips_monitor_on_nios2_bsp/\libhal_bsp.a(alt_main.o)
                              ../tinymips_monitor_on_nios2_bsp//obj/HAL/src/crt0.o (alt_main)
../tinymips_monitor_on_nios2_bsp/\libhal_bsp.a(alt_printf.o)
                              obj/default/src/hello_world_small.o (alt_printf)
../tinymips_monitor_on_nios2_bsp/\libhal_bsp.a(alt_putchar.o)
                              ../tinymips_monitor_on_nios2_bsp/\libhal_bsp.a(alt_printf.o) (alt_putchar)
../tinymips_monitor_on_nios2_bsp/\libhal_bsp.a(alt_putstr.o)
                              obj/default/src/peripheral_driver/uart.o (alt_putstr)
../tinymips_monitor_on_nios2_bsp/\libhal_bsp.a(alt_sys_init.o)
                              ../tinymips_monitor_on_nios2_bsp/\libhal_bsp.a(alt_main.o) (alt_irq_init)
../tinymips_monitor_on_nios2_bsp/\libhal_bsp.a(altera_avalon_uart_read.o)
                              ../tinymips_monitor_on_nios2_bsp/\libhal_bsp.a(alt_getchar.o) (altera_avalon_uart_read)
../tinymips_monitor_on_nios2_bsp/\libhal_bsp.a(altera_avalon_uart_write.o)
                              ../tinymips_monitor_on_nios2_bsp/\libhal_bsp.a(alt_putchar.o) (altera_avalon_uart_write)
../tinymips_monitor_on_nios2_bsp/\libhal_bsp.a(alt_dcache_flush_all.o)
                              ../tinymips_monitor_on_nios2_bsp/\libhal_bsp.a(alt_load.o) (alt_dcache_flush_all)
../tinymips_monitor_on_nios2_bsp/\libhal_bsp.a(alt_dev.o)
                              ../tinymips_monitor_on_nios2_bsp/\libhal_bsp.a(alt_getchar.o) (alt_fd_list)
../tinymips_monitor_on_nios2_bsp/\libhal_bsp.a(alt_errno.o)
                              ../tinymips_monitor_on_nios2_bsp/\libhal_bsp.a(altera_avalon_uart_read.o) (alt_errno)
../tinymips_monitor_on_nios2_bsp/\libhal_bsp.a(alt_icache_flush_all.o)
                              ../tinymips_monitor_on_nios2_bsp/\libhal_bsp.a(alt_load.o) (alt_icache_flush_all)
../tinymips_monitor_on_nios2_bsp/\libhal_bsp.a(altera_nios2_gen2_irq.o)
                              ../tinymips_monitor_on_nios2_bsp/\libhal_bsp.a(alt_sys_init.o) (altera_nios2_gen2_irq_init)
d:/altera_lite/15.1/nios2eds/bin/gnu/h-x86_64-mingw32/bin/../lib/gcc/nios2-elf/4.9.2/../../../../../H-x86_64-mingw32/nios2-elf/lib/mno-hw-mul\libsmallc.a(lib_a-int_errno.o)
                              ../tinymips_monitor_on_nios2_bsp/\libhal_bsp.a(altera_avalon_uart_read.o) (errno)
d:/altera_lite/15.1/nios2eds/bin/gnu/h-x86_64-mingw32/bin/../lib/gcc/nios2-elf/4.9.2/../../../../../H-x86_64-mingw32/nios2-elf/lib/mno-hw-mul\libsmallc.a(lib_a-strlen.o)
                              ../tinymips_monitor_on_nios2_bsp/\libhal_bsp.a(alt_putstr.o) (strlen)

Allocating common symbols
Common symbol       size              file

errno               0x4               d:/altera_lite/15.1/nios2eds/bin/gnu/h-x86_64-mingw32/bin/../lib/gcc/nios2-elf/4.9.2/../../../../../H-x86_64-mingw32/nios2-elf/lib/mno-hw-mul\libsmallc.a(lib_a-int_errno.o)

Memory Configuration

Name             Origin             Length             Attributes
reset            0x0000000000008000 0x0000000000000020
onchip_memory    0x0000000000008020 0x0000000000001fe0
*default*        0x0000000000000000 0xffffffffffffffff

Linker script and memory map

LOAD ../tinymips_monitor_on_nios2_bsp//obj/HAL/src/crt0.o
LOAD obj/default/src/hello_world_small.o
LOAD obj/default/src/memory_data.o
LOAD obj/default/src/peripheral_driver/dmem.o
LOAD obj/default/src/peripheral_driver/imem.o
LOAD obj/default/src/peripheral_driver/ioport.o
LOAD obj/default/src/peripheral_driver/prg_mode.o
LOAD obj/default/src/peripheral_driver/rst.o
LOAD obj/default/src/peripheral_driver/uart.o
LOAD obj/default/src/utility/hexchar_int.o
LOAD obj/default/src/utility/hexformat.o
LOAD obj/default/src/utility/monitor_command.o
LOAD d:/altera_lite/15.1/nios2eds/bin/gnu/h-x86_64-mingw32/bin/../lib/gcc/nios2-elf/4.9.2/../../../../../H-x86_64-mingw32/nios2-elf/lib/mno-hw-mul\libstdc++.a
LOAD d:/altera_lite/15.1/nios2eds/bin/gnu/h-x86_64-mingw32/bin/../lib/gcc/nios2-elf/4.9.2/../../../../../H-x86_64-mingw32/nios2-elf/lib/mno-hw-mul\libm.a
LOAD d:/altera_lite/15.1/nios2eds/bin/gnu/h-x86_64-mingw32/bin/../lib/gcc/nios2-elf/4.9.2/mno-hw-mul\libgcc.a
START GROUP
LOAD d:/altera_lite/15.1/nios2eds/bin/gnu/h-x86_64-mingw32/bin/../lib/gcc/nios2-elf/4.9.2/../../../../../H-x86_64-mingw32/nios2-elf/lib/mno-hw-mul\libsmallc.a
LOAD d:/altera_lite/15.1/nios2eds/bin/gnu/h-x86_64-mingw32/bin/../lib/gcc/nios2-elf/4.9.2/mno-hw-mul\libgcc.a
LOAD ../tinymips_monitor_on_nios2_bsp/\libhal_bsp.a
LOAD d:/altera_lite/15.1/nios2eds/bin/gnu/h-x86_64-mingw32/bin/../lib/gcc/nios2-elf/4.9.2/../../../../../H-x86_64-mingw32/nios2-elf/lib/mno-hw-mul\libm.a
END GROUP
LOAD d:/altera_lite/15.1/nios2eds/bin/gnu/h-x86_64-mingw32/bin/../lib/gcc/nios2-elf/4.9.2/mno-hw-mul\libgcc.a
                0x0000000000008000                __alt_mem_onchip_memory = 0x8000

.entry          0x0000000000008000       0x20
 *(.entry)
 .entry         0x0000000000008000       0x20 ../tinymips_monitor_on_nios2_bsp//obj/HAL/src/crt0.o
                0x0000000000008000                __reset
                0x000000000000800c                _exit

.exceptions     0x0000000000008020        0x0
                0x0000000000008020                PROVIDE (__ram_exceptions_start, ABSOLUTE (.))
                0x0000000000008020                . = ALIGN (0x20)
 *(.irq)
 *(.exceptions.entry.label)
 *(.exceptions.entry.user)
 *(.exceptions.entry.ecc_fatal)
 *(.exceptions.entry)
 *(.exceptions.irqtest.user)
 *(.exceptions.irqtest)
 *(.exceptions.irqhandler.user)
 *(.exceptions.irqhandler)
 *(.exceptions.irqreturn.user)
 *(.exceptions.irqreturn)
 *(.exceptions.notirq.label)
 *(.exceptions.notirq.user)
 *(.exceptions.notirq)
 *(.exceptions.soft.user)
 *(.exceptions.soft)
 *(.exceptions.unknown.user)
 *(.exceptions.unknown)
 *(.exceptions.exit.label)
 *(.exceptions.exit.user)
 *(.exceptions.exit)
 *(.exceptions)
                0x0000000000008020                PROVIDE (__ram_exceptions_end, ABSOLUTE (.))
                0x0000000000008020                PROVIDE (__flash_exceptions_start, LOADADDR (.exceptions))

.text           0x0000000000008020     0x1314
                0x0000000000008020                PROVIDE (stext, ABSOLUTE (.))
 *(.interp)
 *(.hash)
 *(.dynsym)
 *(.dynstr)
 *(.gnu.version)
 *(.gnu.version_d)
 *(.gnu.version_r)
 *(.rel.init)
 *(.rela.init)
 *(.rel.text .rel.text.* .rel.gnu.linkonce.t.*)
 *(.rela.text .rela.text.* .rela.gnu.linkonce.t.*)
 *(.rel.fini)
 *(.rela.fini)
 *(.rel.rodata .rel.rodata.* .rel.gnu.linkonce.r.*)
 *(.rela.rodata .rela.rodata.* .rela.gnu.linkonce.r.*)
 *(.rel.data .rel.data.* .rel.gnu.linkonce.d.*)
 *(.rela.data .rela.data.* .rela.gnu.linkonce.d.*)
 *(.rel.tdata .rel.tdata.* .rel.gnu.linkonce.td.*)
 *(.rela.tdata .rela.tdata.* .rela.gnu.linkonce.td.*)
 *(.rel.tbss .rel.tbss.* .rel.gnu.linkonce.tb.*)
 *(.rela.tbss .rela.tbss.* .rela.gnu.linkonce.tb.*)
 *(.rel.ctors)
 *(.rela.ctors)
 *(.rel.dtors)
 *(.rela.dtors)
 *(.rel.got)
 *(.rela.got)
 *(.rel.sdata .rel.sdata.* .rel.gnu.linkonce.s.*)
 *(.rela.sdata .rela.sdata.* .rela.gnu.linkonce.s.*)
 *(.rel.sbss .rel.sbss.* .rel.gnu.linkonce.sb.*)
 *(.rela.sbss .rela.sbss.* .rela.gnu.linkonce.sb.*)
 *(.rel.sdata2 .rel.sdata2.* .rel.gnu.linkonce.s2.*)
 *(.rela.sdata2 .rela.sdata2.* .rela.gnu.linkonce.s2.*)
 *(.rel.sbss2 .rel.sbss2.* .rel.gnu.linkonce.sb2.*)
 *(.rela.sbss2 .rela.sbss2.* .rela.gnu.linkonce.sb2.*)
 *(.rel.bss .rel.bss.* .rel.gnu.linkonce.b.*)
 *(.rela.bss .rela.bss.* .rela.gnu.linkonce.b.*)
 *(.rel.plt)
 *(.rela.plt)
 *(.rel.dyn)
 *(.init)
 *(.plt)
 *(.text .stub .text.* .gnu.linkonce.t.*)
 .text          0x0000000000008020       0x3c ../tinymips_monitor_on_nios2_bsp//obj/HAL/src/crt0.o
                0x0000000000008020                _start
 .text          0x000000000000805c      0x244 obj/default/src/hello_world_small.o
                0x000000000000805c                do_AR
                0x0000000000008078                do_NR
                0x0000000000008094                do_AP
                0x00000000000080b0                do_NP
                0x00000000000080cc                do_RI
                0x0000000000008104                do_WI
                0x0000000000008130                do_RD
                0x0000000000008168                do_WD
                0x0000000000008194                do_IP
                0x00000000000081c0                do_OP
                0x00000000000081f8                pp_memory_data
 .text.startup  0x00000000000082a0       0xdc obj/default/src/hello_world_small.o
                0x00000000000082a0                main
 .text          0x000000000000837c      0x5b8 obj/default/src/memory_data.o
                0x000000000000837c                write_memory_data_to_imem
                0x00000000000083f0                read_imem_for_memory_data
                0x0000000000008464                write_memory_data_to_dmem
                0x00000000000084d8                read_dmem_for_memory_data
                0x000000000000854c                write_memory_data_to_iport_data
                0x0000000000008554                read_oport_data_for_memory_data
                0x0000000000008588                checksum_of_memory_data
                0x0000000000008604                convert_hexformat_to_memory_data
                0x0000000000008698                convert_memory_data_to_hexformat
                0x00000000000088c4                convert_shorthexformat_to_memory_data
 .text          0x0000000000008934       0x90 obj/default/src/peripheral_driver/dmem.o
                0x0000000000008934                assert_dmem_we
                0x0000000000008944                negate_dmem_we
                0x0000000000008950                assert_dmem_clk
                0x0000000000008960                negate_dmem_clk
                0x000000000000896c                dmem_wd
                0x00000000000089a0                dmem_rd
 .text          0x00000000000089c4       0x8c obj/default/src/peripheral_driver/imem.o
                0x00000000000089c4                assert_imem_we
                0x00000000000089d4                negate_imem_we
                0x00000000000089e0                assert_imem_clk
                0x00000000000089f0                negate_imem_clk
                0x00000000000089fc                imem_wd
                0x0000000000008a2c                imem_rd
 .text          0x0000000000008a50       0x18 obj/default/src/peripheral_driver/ioport.o
                0x0000000000008a50                iport_wd
                0x0000000000008a5c                oport_rd
 .text          0x0000000000008a68       0x1c obj/default/src/peripheral_driver/prg_mode.o
                0x0000000000008a68                assert_prg_mode
                0x0000000000008a78                negate_prg_mode
 .text          0x0000000000008a84       0x1c obj/default/src/peripheral_driver/rst.o
                0x0000000000008a84                assert_rst
                0x0000000000008a94                negate_rst
 .text          0x0000000000008aa0       0x8c obj/default/src/peripheral_driver/uart.o
                0x0000000000008aa0                getchar
                0x0000000000008aa4                getstr
                0x0000000000008b20                putstr
                0x0000000000008b24                tx_str
                0x0000000000008b28                rx_str
 .text          0x0000000000008b2c      0x15c obj/default/src/utility/hexchar_int.o
                0x0000000000008b2c                hexchar_to_int
                0x0000000000008b58                hex2chars_to_int
                0x0000000000008bcc                hex4chars_to_int
                0x0000000000008c64                hex_nth_digit
 .text          0x0000000000008c88      0x108 obj/default/src/utility/hexformat.o
                0x0000000000008c88                bytecount_of_hexformat
                0x0000000000008c98                address_of_hexformat
                0x0000000000008cb0                recordtype_of_hexformat
                0x0000000000008cc0                data_of_hexformat
                0x0000000000008d54                checksum_of_hexformat
 .text          0x0000000000008d90       0xdc obj/default/src/utility/monitor_command.o
                0x0000000000008d90                monitor_command
                0x0000000000008e48                unique
 .text          0x0000000000008e6c       0x44 ../tinymips_monitor_on_nios2_bsp/\libhal_bsp.a(alt_getchar.o)
                0x0000000000008e6c                alt_getchar
 .text          0x0000000000008eb0       0xf8 ../tinymips_monitor_on_nios2_bsp/\libhal_bsp.a(alt_load.o)
                0x0000000000008eb0                alt_load
 .text          0x0000000000008fa8       0x2c ../tinymips_monitor_on_nios2_bsp/\libhal_bsp.a(alt_main.o)
                0x0000000000008fa8                alt_main
 .text          0x0000000000008fd4      0x16c ../tinymips_monitor_on_nios2_bsp/\libhal_bsp.a(alt_printf.o)
                0x0000000000008fd4                alt_printf
 .text          0x0000000000009140       0x48 ../tinymips_monitor_on_nios2_bsp/\libhal_bsp.a(alt_putchar.o)
                0x0000000000009140                alt_putchar
 .text          0x0000000000009188       0x38 ../tinymips_monitor_on_nios2_bsp/\libhal_bsp.a(alt_putstr.o)
                0x0000000000009188                alt_putstr
 .text          0x00000000000091c0       0x24 ../tinymips_monitor_on_nios2_bsp/\libhal_bsp.a(alt_sys_init.o)
                0x00000000000091c0                alt_irq_init
                0x00000000000091e0                alt_sys_init
 .text          0x00000000000091e4       0x8c ../tinymips_monitor_on_nios2_bsp/\libhal_bsp.a(altera_avalon_uart_read.o)
                0x00000000000091e4                altera_avalon_uart_read
 .text          0x0000000000009270       0x90 ../tinymips_monitor_on_nios2_bsp/\libhal_bsp.a(altera_avalon_uart_write.o)
                0x0000000000009270                altera_avalon_uart_write
 .text          0x0000000000009300        0x4 ../tinymips_monitor_on_nios2_bsp/\libhal_bsp.a(alt_dcache_flush_all.o)
                0x0000000000009300                alt_dcache_flush_all
 .text          0x0000000000009304        0x8 ../tinymips_monitor_on_nios2_bsp/\libhal_bsp.a(alt_dev.o)
 .text          0x000000000000930c        0x0 ../tinymips_monitor_on_nios2_bsp/\libhal_bsp.a(alt_errno.o)
 .text          0x000000000000930c        0x4 ../tinymips_monitor_on_nios2_bsp/\libhal_bsp.a(alt_icache_flush_all.o)
                0x000000000000930c                alt_icache_flush_all
 .text          0x0000000000009310        0x8 ../tinymips_monitor_on_nios2_bsp/\libhal_bsp.a(altera_nios2_gen2_irq.o)
                0x0000000000009310                altera_nios2_gen2_irq_init
 .text          0x0000000000009318        0x0 d:/altera_lite/15.1/nios2eds/bin/gnu/h-x86_64-mingw32/bin/../lib/gcc/nios2-elf/4.9.2/../../../../../H-x86_64-mingw32/nios2-elf/lib/mno-hw-mul\libsmallc.a(lib_a-int_errno.o)
 .text          0x0000000000009318        0x0 d:/altera_lite/15.1/nios2eds/bin/gnu/h-x86_64-mingw32/bin/../lib/gcc/nios2-elf/4.9.2/../../../../../H-x86_64-mingw32/nios2-elf/lib/mno-hw-mul\libsmallc.a(lib_a-strlen.o)
 .text.strlen   0x0000000000009318       0x1c d:/altera_lite/15.1/nios2eds/bin/gnu/h-x86_64-mingw32/bin/../lib/gcc/nios2-elf/4.9.2/../../../../../H-x86_64-mingw32/nios2-elf/lib/mno-hw-mul\libsmallc.a(lib_a-strlen.o)
                0x0000000000009318                strlen
 *(.gnu.warning.*)
 *(.fini)
                0x0000000000009334                PROVIDE (__etext, ABSOLUTE (.))
                0x0000000000009334                PROVIDE (_etext, ABSOLUTE (.))
                0x0000000000009334                PROVIDE (etext, ABSOLUTE (.))
 *(.eh_frame_hdr)
                0x0000000000009334                . = ALIGN (0x4)
                0x0000000000009334                PROVIDE (__preinit_array_start, ABSOLUTE (.))
 *(.preinit_array)
                0x0000000000009334                PROVIDE (__preinit_array_end, ABSOLUTE (.))
                0x0000000000009334                PROVIDE (__init_array_start, ABSOLUTE (.))
 *(.init_array)
                0x0000000000009334                PROVIDE (__init_array_end, ABSOLUTE (.))
                0x0000000000009334                PROVIDE (__fini_array_start, ABSOLUTE (.))
 *(.fini_array)
                0x0000000000009334                PROVIDE (__fini_array_end, ABSOLUTE (.))
 *(.eh_frame)
 *(.gcc_except_table .gcc_except_table.*)
 *(.dynamic)
                0x0000000000009334                PROVIDE (__CTOR_LIST__, ABSOLUTE (.))
 *(.ctors)
 *(SORT(.ctors.*))
                0x0000000000009334                PROVIDE (__CTOR_END__, ABSOLUTE (.))
                0x0000000000009334                PROVIDE (__DTOR_LIST__, ABSOLUTE (.))
 *(.dtors)
 *(SORT(.dtors.*))
                0x0000000000009334                PROVIDE (__DTOR_END__, ABSOLUTE (.))
 *(.jcr)
                0x0000000000009334                . = ALIGN (0x4)

.rodata         0x0000000000009334       0x8c
                0x0000000000009334                PROVIDE (__ram_rodata_start, ABSOLUTE (.))
                0x0000000000009334                . = ALIGN (0x4)
 *(.rodata .rodata.* .gnu.linkonce.r.*)
 .rodata.str1.4
                0x0000000000009334       0x56 obj/default/src/hello_world_small.o
                                         0x58 (size before relaxing)
 .rodata        0x000000000000938a       0x27 obj/default/src/utility/hexchar_int.o
 *fill*         0x00000000000093b1        0x3 
 .rodata.str1.4
                0x00000000000093b4        0xc ../tinymips_monitor_on_nios2_bsp/\libhal_bsp.a(alt_dev.o)
 *(.rodata1)
                0x00000000000093c0                . = ALIGN (0x4)
                0x00000000000093c0                PROVIDE (__ram_rodata_end, ABSOLUTE (.))
                0x0000000000009334                PROVIDE (__flash_rodata_start, LOADADDR (.rodata))

.rwdata         0x00000000000093c0       0x7c load address 0x000000000000943c
                0x00000000000093c0                PROVIDE (__ram_rwdata_start, ABSOLUTE (.))
                0x00000000000093c0                . = ALIGN (0x4)
 *(.got.plt)
 *(.got)
 *(.data1)
 *(.data .data.* .gnu.linkonce.d.*)
 .data          0x00000000000093c0        0x0 ../tinymips_monitor_on_nios2_bsp//obj/HAL/src/crt0.o
 .data          0x00000000000093c0        0x0 obj/default/src/hello_world_small.o
 .data          0x00000000000093c0        0x0 obj/default/src/memory_data.o
 .data          0x00000000000093c0        0x0 obj/default/src/peripheral_driver/dmem.o
 .data          0x00000000000093c0        0x0 obj/default/src/peripheral_driver/imem.o
 .data          0x00000000000093c0        0x0 obj/default/src/peripheral_driver/ioport.o
 .data          0x00000000000093c0        0x0 obj/default/src/peripheral_driver/prg_mode.o
 .data          0x00000000000093c0        0x0 obj/default/src/peripheral_driver/rst.o
 .data          0x00000000000093c0        0x0 obj/default/src/peripheral_driver/uart.o
 .data          0x00000000000093c0        0x0 obj/default/src/utility/hexchar_int.o
 .data          0x00000000000093c0        0x0 obj/default/src/utility/hexformat.o
 .data          0x00000000000093c0        0x0 obj/default/src/utility/monitor_command.o
 .data          0x00000000000093c0        0x0 ../tinymips_monitor_on_nios2_bsp/\libhal_bsp.a(alt_getchar.o)
 .data          0x00000000000093c0        0x0 ../tinymips_monitor_on_nios2_bsp/\libhal_bsp.a(alt_load.o)
 .data          0x00000000000093c0        0x0 ../tinymips_monitor_on_nios2_bsp/\libhal_bsp.a(alt_main.o)
 .data          0x00000000000093c0        0x0 ../tinymips_monitor_on_nios2_bsp/\libhal_bsp.a(alt_printf.o)
 .data          0x00000000000093c0        0x0 ../tinymips_monitor_on_nios2_bsp/\libhal_bsp.a(alt_putchar.o)
 .data          0x00000000000093c0        0x0 ../tinymips_monitor_on_nios2_bsp/\libhal_bsp.a(alt_putstr.o)
 .data          0x00000000000093c0        0x0 ../tinymips_monitor_on_nios2_bsp/\libhal_bsp.a(alt_sys_init.o)
 .data          0x00000000000093c0        0x0 ../tinymips_monitor_on_nios2_bsp/\libhal_bsp.a(altera_avalon_uart_read.o)
 .data          0x00000000000093c0        0x0 ../tinymips_monitor_on_nios2_bsp/\libhal_bsp.a(altera_avalon_uart_write.o)
 .data          0x00000000000093c0        0x0 ../tinymips_monitor_on_nios2_bsp/\libhal_bsp.a(alt_dcache_flush_all.o)
 .data          0x00000000000093c0       0x58 ../tinymips_monitor_on_nios2_bsp/\libhal_bsp.a(alt_dev.o)
                0x00000000000093c0                alt_fd_list
                0x00000000000093f0                alt_dev_null
 .data          0x0000000000009418        0x0 ../tinymips_monitor_on_nios2_bsp/\libhal_bsp.a(alt_errno.o)
 .data          0x0000000000009418        0x0 ../tinymips_monitor_on_nios2_bsp/\libhal_bsp.a(alt_icache_flush_all.o)
 .data          0x0000000000009418        0x0 ../tinymips_monitor_on_nios2_bsp/\libhal_bsp.a(altera_nios2_gen2_irq.o)
 .data          0x0000000000009418        0x0 d:/altera_lite/15.1/nios2eds/bin/gnu/h-x86_64-mingw32/bin/../lib/gcc/nios2-elf/4.9.2/../../../../../H-x86_64-mingw32/nios2-elf/lib/mno-hw-mul\libsmallc.a(lib_a-int_errno.o)
 .data          0x0000000000009418        0x0 d:/altera_lite/15.1/nios2eds/bin/gnu/h-x86_64-mingw32/bin/../lib/gcc/nios2-elf/4.9.2/../../../../../H-x86_64-mingw32/nios2-elf/lib/mno-hw-mul\libsmallc.a(lib_a-strlen.o)
                0x0000000000011418                _gp = ABSOLUTE ((. + 0x8000))
                0x0000000000011418                PROVIDE (gp, _gp)
 *(.rwdata .rwdata.*)
 *(.sdata .sdata.* .gnu.linkonce.s.*)
 .sdata         0x0000000000009418        0x4 obj/default/src/hello_world_small.o
                0x0000000000009418                EOF
 .sdata         0x000000000000941c        0x8 ../tinymips_monitor_on_nios2_bsp/\libhal_bsp.a(alt_sys_init.o)
                0x000000000000941c                uart
                0x0000000000009420                jtag_uart_0
 .sdata         0x0000000000009424       0x14 ../tinymips_monitor_on_nios2_bsp/\libhal_bsp.a(alt_dev.o)
                0x0000000000009424                alt_max_fd
                0x0000000000009428                alt_dev_list
                0x0000000000009430                alt_fs_list
 .sdata         0x0000000000009438        0x4 ../tinymips_monitor_on_nios2_bsp/\libhal_bsp.a(alt_errno.o)
                0x0000000000009438                alt_errno
 *(.sdata2 .sdata2.* .gnu.linkonce.s2.*)
                0x000000000000943c                . = ALIGN (0x4)
                0x000000000000943c                _edata = ABSOLUTE (.)
                0x000000000000943c                PROVIDE (edata, ABSOLUTE (.))
                0x000000000000943c                PROVIDE (__ram_rwdata_end, ABSOLUTE (.))
                0x000000000000943c                PROVIDE (__flash_rwdata_start, LOADADDR (.rwdata))

.bss            0x00000000000094b8       0x10
                0x00000000000094b8                __bss_start = ABSOLUTE (.)
                0x00000000000094b8                PROVIDE (__sbss_start, ABSOLUTE (.))
                0x00000000000094b8                PROVIDE (___sbss_start, ABSOLUTE (.))
 *(.dynsbss)
 *(.sbss .sbss.* .gnu.linkonce.sb.*)
 .sbss          0x00000000000094b8        0xc ../tinymips_monitor_on_nios2_bsp/\libhal_bsp.a(alt_main.o)
                0x00000000000094b8                alt_envp
                0x00000000000094bc                alt_argv
                0x00000000000094c0                alt_argc
 .sbss          0x00000000000094c4        0x4 d:/altera_lite/15.1/nios2eds/bin/gnu/h-x86_64-mingw32/bin/../lib/gcc/nios2-elf/4.9.2/../../../../../H-x86_64-mingw32/nios2-elf/lib/mno-hw-mul\libsmallc.a(lib_a-int_errno.o)
                0x00000000000094c4                errno
 *(.sbss2 .sbss2.* .gnu.linkonce.sb2.*)
 *(.scommon)
                0x00000000000094c8                PROVIDE (__sbss_end, ABSOLUTE (.))
                0x00000000000094c8                PROVIDE (___sbss_end, ABSOLUTE (.))
 *(.dynbss)
 *(.bss .bss.* .gnu.linkonce.b.*)
 .bss           0x00000000000094c8        0x0 ../tinymips_monitor_on_nios2_bsp//obj/HAL/src/crt0.o
 .bss           0x00000000000094c8        0x0 obj/default/src/hello_world_small.o
 .bss           0x00000000000094c8        0x0 obj/default/src/memory_data.o
 .bss           0x00000000000094c8        0x0 obj/default/src/peripheral_driver/dmem.o
 .bss           0x00000000000094c8        0x0 obj/default/src/peripheral_driver/imem.o
 .bss           0x00000000000094c8        0x0 obj/default/src/peripheral_driver/ioport.o
 .bss           0x00000000000094c8        0x0 obj/default/src/peripheral_driver/prg_mode.o
 .bss           0x00000000000094c8        0x0 obj/default/src/peripheral_driver/rst.o
 .bss           0x00000000000094c8        0x0 obj/default/src/peripheral_driver/uart.o
 .bss           0x00000000000094c8        0x0 obj/default/src/utility/hexchar_int.o
 .bss           0x00000000000094c8        0x0 obj/default/src/utility/hexformat.o
 .bss           0x00000000000094c8        0x0 obj/default/src/utility/monitor_command.o
 .bss           0x00000000000094c8        0x0 ../tinymips_monitor_on_nios2_bsp/\libhal_bsp.a(alt_getchar.o)
 .bss           0x00000000000094c8        0x0 ../tinymips_monitor_on_nios2_bsp/\libhal_bsp.a(alt_load.o)
 .bss           0x00000000000094c8        0x0 ../tinymips_monitor_on_nios2_bsp/\libhal_bsp.a(alt_main.o)
 .bss           0x00000000000094c8        0x0 ../tinymips_monitor_on_nios2_bsp/\libhal_bsp.a(alt_printf.o)
 .bss           0x00000000000094c8        0x0 ../tinymips_monitor_on_nios2_bsp/\libhal_bsp.a(alt_putchar.o)
 .bss           0x00000000000094c8        0x0 ../tinymips_monitor_on_nios2_bsp/\libhal_bsp.a(alt_putstr.o)
 .bss           0x00000000000094c8        0x0 ../tinymips_monitor_on_nios2_bsp/\libhal_bsp.a(alt_sys_init.o)
 .bss           0x00000000000094c8        0x0 ../tinymips_monitor_on_nios2_bsp/\libhal_bsp.a(altera_avalon_uart_read.o)
 .bss           0x00000000000094c8        0x0 ../tinymips_monitor_on_nios2_bsp/\libhal_bsp.a(altera_avalon_uart_write.o)
 .bss           0x00000000000094c8        0x0 ../tinymips_monitor_on_nios2_bsp/\libhal_bsp.a(alt_dcache_flush_all.o)
 .bss           0x00000000000094c8        0x0 ../tinymips_monitor_on_nios2_bsp/\libhal_bsp.a(alt_dev.o)
 .bss           0x00000000000094c8        0x0 ../tinymips_monitor_on_nios2_bsp/\libhal_bsp.a(alt_errno.o)
 .bss           0x00000000000094c8        0x0 ../tinymips_monitor_on_nios2_bsp/\libhal_bsp.a(alt_icache_flush_all.o)
 .bss           0x00000000000094c8        0x0 ../tinymips_monitor_on_nios2_bsp/\libhal_bsp.a(altera_nios2_gen2_irq.o)
 .bss           0x00000000000094c8        0x0 d:/altera_lite/15.1/nios2eds/bin/gnu/h-x86_64-mingw32/bin/../lib/gcc/nios2-elf/4.9.2/../../../../../H-x86_64-mingw32/nios2-elf/lib/mno-hw-mul\libsmallc.a(lib_a-int_errno.o)
 .bss           0x00000000000094c8        0x0 d:/altera_lite/15.1/nios2eds/bin/gnu/h-x86_64-mingw32/bin/../lib/gcc/nios2-elf/4.9.2/../../../../../H-x86_64-mingw32/nios2-elf/lib/mno-hw-mul\libsmallc.a(lib_a-strlen.o)
 *(COMMON)
                0x00000000000094c8                . = ALIGN (0x4)
                0x00000000000094c8                __bss_end = ABSOLUTE (.)

.onchip_memory  0x00000000000094c8        0x0
                0x00000000000094c8                PROVIDE (_alt_partition_onchip_memory_start, ABSOLUTE (.))
 *(.onchip_memory .onchip_memory. onchip_memory.*)
                0x00000000000094c8                . = ALIGN (0x4)
                0x00000000000094c8                PROVIDE (_alt_partition_onchip_memory_end, ABSOLUTE (.))
                0x00000000000094c8                _end = ABSOLUTE (.)
                0x00000000000094c8                end = ABSOLUTE (.)
                0x00000000000094c8                __alt_stack_base = ABSOLUTE (.)
                0x00000000000094c8                PROVIDE (_alt_partition_onchip_memory_load_addr, LOADADDR (.onchip_memory))

.stab
 *(.stab)

.stabstr
 *(.stabstr)

.stab.excl
 *(.stab.excl)

.stab.exclstr
 *(.stab.exclstr)

.stab.index
 *(.stab.index)

.stab.indexstr
 *(.stab.indexstr)

.comment        0x0000000000000000       0x23
 *(.comment)
 .comment       0x0000000000000000       0x23 obj/default/src/hello_world_small.o
                                         0x24 (size before relaxing)
 .comment       0x0000000000000000       0x24 obj/default/src/memory_data.o
 .comment       0x0000000000000000       0x24 obj/default/src/peripheral_driver/dmem.o
 .comment       0x0000000000000000       0x24 obj/default/src/peripheral_driver/imem.o
 .comment       0x0000000000000000       0x24 obj/default/src/peripheral_driver/ioport.o
 .comment       0x0000000000000000       0x24 obj/default/src/peripheral_driver/prg_mode.o
 .comment       0x0000000000000000       0x24 obj/default/src/peripheral_driver/rst.o
 .comment       0x0000000000000000       0x24 obj/default/src/peripheral_driver/uart.o
 .comment       0x0000000000000000       0x24 obj/default/src/utility/hexchar_int.o
 .comment       0x0000000000000000       0x24 obj/default/src/utility/hexformat.o
 .comment       0x0000000000000000       0x24 obj/default/src/utility/monitor_command.o
 .comment       0x0000000000000000       0x24 ../tinymips_monitor_on_nios2_bsp/\libhal_bsp.a(alt_getchar.o)
 .comment       0x0000000000000000       0x24 ../tinymips_monitor_on_nios2_bsp/\libhal_bsp.a(alt_load.o)
 .comment       0x0000000000000000       0x24 ../tinymips_monitor_on_nios2_bsp/\libhal_bsp.a(alt_main.o)
 .comment       0x0000000000000000       0x24 ../tinymips_monitor_on_nios2_bsp/\libhal_bsp.a(alt_printf.o)
 .comment       0x0000000000000000       0x24 ../tinymips_monitor_on_nios2_bsp/\libhal_bsp.a(alt_putchar.o)
 .comment       0x0000000000000000       0x24 ../tinymips_monitor_on_nios2_bsp/\libhal_bsp.a(alt_putstr.o)
 .comment       0x0000000000000000       0x24 ../tinymips_monitor_on_nios2_bsp/\libhal_bsp.a(alt_sys_init.o)
 .comment       0x0000000000000000       0x24 ../tinymips_monitor_on_nios2_bsp/\libhal_bsp.a(altera_avalon_uart_read.o)
 .comment       0x0000000000000000       0x24 ../tinymips_monitor_on_nios2_bsp/\libhal_bsp.a(altera_avalon_uart_write.o)
 .comment       0x0000000000000000       0x24 ../tinymips_monitor_on_nios2_bsp/\libhal_bsp.a(alt_dcache_flush_all.o)
 .comment       0x0000000000000000       0x24 ../tinymips_monitor_on_nios2_bsp/\libhal_bsp.a(alt_dev.o)
 .comment       0x0000000000000000       0x24 ../tinymips_monitor_on_nios2_bsp/\libhal_bsp.a(alt_errno.o)
 .comment       0x0000000000000000       0x24 ../tinymips_monitor_on_nios2_bsp/\libhal_bsp.a(alt_icache_flush_all.o)
 .comment       0x0000000000000000       0x24 ../tinymips_monitor_on_nios2_bsp/\libhal_bsp.a(altera_nios2_gen2_irq.o)
 .comment       0x0000000000000000       0x24 d:/altera_lite/15.1/nios2eds/bin/gnu/h-x86_64-mingw32/bin/../lib/gcc/nios2-elf/4.9.2/../../../../../H-x86_64-mingw32/nios2-elf/lib/mno-hw-mul\libsmallc.a(lib_a-int_errno.o)
 .comment       0x0000000000000000       0x24 d:/altera_lite/15.1/nios2eds/bin/gnu/h-x86_64-mingw32/bin/../lib/gcc/nios2-elf/4.9.2/../../../../../H-x86_64-mingw32/nios2-elf/lib/mno-hw-mul\libsmallc.a(lib_a-strlen.o)

.debug
 *(.debug)

.line
 *(.line)

.debug_srcinfo
 *(.debug_srcinfo)

.debug_sfnames
 *(.debug_sfnames)

.debug_aranges  0x0000000000000000      0x380
 *(.debug_aranges)
 .debug_aranges
                0x0000000000000000       0x28 ../tinymips_monitor_on_nios2_bsp//obj/HAL/src/crt0.o
 .debug_aranges
                0x0000000000000028       0x28 obj/default/src/hello_world_small.o
 .debug_aranges
                0x0000000000000050       0x20 obj/default/src/memory_data.o
 .debug_aranges
                0x0000000000000070       0x20 obj/default/src/peripheral_driver/dmem.o
 .debug_aranges
                0x0000000000000090       0x20 obj/default/src/peripheral_driver/imem.o
 .debug_aranges
                0x00000000000000b0       0x20 obj/default/src/peripheral_driver/ioport.o
 .debug_aranges
                0x00000000000000d0       0x20 obj/default/src/peripheral_driver/prg_mode.o
 .debug_aranges
                0x00000000000000f0       0x20 obj/default/src/peripheral_driver/rst.o
 .debug_aranges
                0x0000000000000110       0x20 obj/default/src/peripheral_driver/uart.o
 .debug_aranges
                0x0000000000000130       0x20 obj/default/src/utility/hexchar_int.o
 .debug_aranges
                0x0000000000000150       0x20 obj/default/src/utility/hexformat.o
 .debug_aranges
                0x0000000000000170       0x20 obj/default/src/utility/monitor_command.o
 .debug_aranges
                0x0000000000000190       0x20 ../tinymips_monitor_on_nios2_bsp/\libhal_bsp.a(alt_getchar.o)
 .debug_aranges
                0x00000000000001b0       0x20 ../tinymips_monitor_on_nios2_bsp/\libhal_bsp.a(alt_load.o)
 .debug_aranges
                0x00000000000001d0       0x20 ../tinymips_monitor_on_nios2_bsp/\libhal_bsp.a(alt_main.o)
 .debug_aranges
                0x00000000000001f0       0x20 ../tinymips_monitor_on_nios2_bsp/\libhal_bsp.a(alt_printf.o)
 .debug_aranges
                0x0000000000000210       0x20 ../tinymips_monitor_on_nios2_bsp/\libhal_bsp.a(alt_putchar.o)
 .debug_aranges
                0x0000000000000230       0x20 ../tinymips_monitor_on_nios2_bsp/\libhal_bsp.a(alt_putstr.o)
 .debug_aranges
                0x0000000000000250       0x20 ../tinymips_monitor_on_nios2_bsp/\libhal_bsp.a(alt_sys_init.o)
 .debug_aranges
                0x0000000000000270       0x20 ../tinymips_monitor_on_nios2_bsp/\libhal_bsp.a(altera_avalon_uart_read.o)
 .debug_aranges
                0x0000000000000290       0x20 ../tinymips_monitor_on_nios2_bsp/\libhal_bsp.a(altera_avalon_uart_write.o)
 .debug_aranges
                0x00000000000002b0       0x20 ../tinymips_monitor_on_nios2_bsp/\libhal_bsp.a(alt_dcache_flush_all.o)
 .debug_aranges
                0x00000000000002d0       0x20 ../tinymips_monitor_on_nios2_bsp/\libhal_bsp.a(alt_dev.o)
 .debug_aranges
                0x00000000000002f0       0x18 ../tinymips_monitor_on_nios2_bsp/\libhal_bsp.a(alt_errno.o)
 .debug_aranges
                0x0000000000000308       0x20 ../tinymips_monitor_on_nios2_bsp/\libhal_bsp.a(alt_icache_flush_all.o)
 .debug_aranges
                0x0000000000000328       0x20 ../tinymips_monitor_on_nios2_bsp/\libhal_bsp.a(altera_nios2_gen2_irq.o)
 .debug_aranges
                0x0000000000000348       0x18 d:/altera_lite/15.1/nios2eds/bin/gnu/h-x86_64-mingw32/bin/../lib/gcc/nios2-elf/4.9.2/../../../../../H-x86_64-mingw32/nios2-elf/lib/mno-hw-mul\libsmallc.a(lib_a-int_errno.o)
 .debug_aranges
                0x0000000000000360       0x20 d:/altera_lite/15.1/nios2eds/bin/gnu/h-x86_64-mingw32/bin/../lib/gcc/nios2-elf/4.9.2/../../../../../H-x86_64-mingw32/nios2-elf/lib/mno-hw-mul\libsmallc.a(lib_a-strlen.o)

.debug_pubnames
 *(.debug_pubnames)

.debug_info     0x0000000000000000     0x32fb
 *(.debug_info .gnu.linkonce.wi.*)
 .debug_info    0x0000000000000000       0x95 ../tinymips_monitor_on_nios2_bsp//obj/HAL/src/crt0.o
 .debug_info    0x0000000000000095      0x7b2 obj/default/src/hello_world_small.o
 .debug_info    0x0000000000000847      0x6f4 obj/default/src/memory_data.o
 .debug_info    0x0000000000000f3b      0x17b obj/default/src/peripheral_driver/dmem.o
 .debug_info    0x00000000000010b6      0x17b obj/default/src/peripheral_driver/imem.o
 .debug_info    0x0000000000001231       0xa8 obj/default/src/peripheral_driver/ioport.o
 .debug_info    0x00000000000012d9       0x8b obj/default/src/peripheral_driver/prg_mode.o
 .debug_info    0x0000000000001364       0x8b obj/default/src/peripheral_driver/rst.o
 .debug_info    0x00000000000013ef      0x1e0 obj/default/src/peripheral_driver/uart.o
 .debug_info    0x00000000000015cf      0x1e6 obj/default/src/utility/hexchar_int.o
 .debug_info    0x00000000000017b5      0x229 obj/default/src/utility/hexformat.o
 .debug_info    0x00000000000019de      0x195 obj/default/src/utility/monitor_command.o
 .debug_info    0x0000000000001b73      0x33b ../tinymips_monitor_on_nios2_bsp/\libhal_bsp.a(alt_getchar.o)
 .debug_info    0x0000000000001eae      0x1ba ../tinymips_monitor_on_nios2_bsp/\libhal_bsp.a(alt_load.o)
 .debug_info    0x0000000000002068      0x17b ../tinymips_monitor_on_nios2_bsp/\libhal_bsp.a(alt_main.o)
 .debug_info    0x00000000000021e3      0x153 ../tinymips_monitor_on_nios2_bsp/\libhal_bsp.a(alt_printf.o)
 .debug_info    0x0000000000002336      0x138 ../tinymips_monitor_on_nios2_bsp/\libhal_bsp.a(alt_putchar.o)
 .debug_info    0x000000000000246e      0x15d ../tinymips_monitor_on_nios2_bsp/\libhal_bsp.a(alt_putstr.o)
 .debug_info    0x00000000000025cb      0x1af ../tinymips_monitor_on_nios2_bsp/\libhal_bsp.a(alt_sys_init.o)
 .debug_info    0x000000000000277a      0x1ab ../tinymips_monitor_on_nios2_bsp/\libhal_bsp.a(altera_avalon_uart_read.o)
 .debug_info    0x0000000000002925      0x1bf ../tinymips_monitor_on_nios2_bsp/\libhal_bsp.a(altera_avalon_uart_write.o)
 .debug_info    0x0000000000002ae4       0x8b ../tinymips_monitor_on_nios2_bsp/\libhal_bsp.a(alt_dcache_flush_all.o)
 .debug_info    0x0000000000002b6f      0x492 ../tinymips_monitor_on_nios2_bsp/\libhal_bsp.a(alt_dev.o)
 .debug_info    0x0000000000003001       0x9f ../tinymips_monitor_on_nios2_bsp/\libhal_bsp.a(alt_errno.o)
 .debug_info    0x00000000000030a0       0x8b ../tinymips_monitor_on_nios2_bsp/\libhal_bsp.a(alt_icache_flush_all.o)
 .debug_info    0x000000000000312b       0x8b ../tinymips_monitor_on_nios2_bsp/\libhal_bsp.a(altera_nios2_gen2_irq.o)
 .debug_info    0x00000000000031b6       0x83 d:/altera_lite/15.1/nios2eds/bin/gnu/h-x86_64-mingw32/bin/../lib/gcc/nios2-elf/4.9.2/../../../../../H-x86_64-mingw32/nios2-elf/lib/mno-hw-mul\libsmallc.a(lib_a-int_errno.o)
 .debug_info    0x0000000000003239       0xc2 d:/altera_lite/15.1/nios2eds/bin/gnu/h-x86_64-mingw32/bin/../lib/gcc/nios2-elf/4.9.2/../../../../../H-x86_64-mingw32/nios2-elf/lib/mno-hw-mul\libsmallc.a(lib_a-strlen.o)

.debug_abbrev   0x0000000000000000     0x1533
 *(.debug_abbrev)
 .debug_abbrev  0x0000000000000000       0x12 ../tinymips_monitor_on_nios2_bsp//obj/HAL/src/crt0.o
 .debug_abbrev  0x0000000000000012      0x1c0 obj/default/src/hello_world_small.o
 .debug_abbrev  0x00000000000001d2      0x1a1 obj/default/src/memory_data.o
 .debug_abbrev  0x0000000000000373       0xb7 obj/default/src/peripheral_driver/dmem.o
 .debug_abbrev  0x000000000000042a       0xb7 obj/default/src/peripheral_driver/imem.o
 .debug_abbrev  0x00000000000004e1       0x78 obj/default/src/peripheral_driver/ioport.o
 .debug_abbrev  0x0000000000000559       0x42 obj/default/src/peripheral_driver/prg_mode.o
 .debug_abbrev  0x000000000000059b       0x42 obj/default/src/peripheral_driver/rst.o
 .debug_abbrev  0x00000000000005dd      0x15a obj/default/src/peripheral_driver/uart.o
 .debug_abbrev  0x0000000000000737       0xea obj/default/src/utility/hexchar_int.o
 .debug_abbrev  0x0000000000000821       0xf3 obj/default/src/utility/hexformat.o
 .debug_abbrev  0x0000000000000914       0xf5 obj/default/src/utility/monitor_command.o
 .debug_abbrev  0x0000000000000a09      0x11f ../tinymips_monitor_on_nios2_bsp/\libhal_bsp.a(alt_getchar.o)
 .debug_abbrev  0x0000000000000b28       0xd8 ../tinymips_monitor_on_nios2_bsp/\libhal_bsp.a(alt_load.o)
 .debug_abbrev  0x0000000000000c00      0x120 ../tinymips_monitor_on_nios2_bsp/\libhal_bsp.a(alt_main.o)
 .debug_abbrev  0x0000000000000d20       0xde ../tinymips_monitor_on_nios2_bsp/\libhal_bsp.a(alt_printf.o)
 .debug_abbrev  0x0000000000000dfe       0xd4 ../tinymips_monitor_on_nios2_bsp/\libhal_bsp.a(alt_putchar.o)
 .debug_abbrev  0x0000000000000ed2       0xe2 ../tinymips_monitor_on_nios2_bsp/\libhal_bsp.a(alt_putstr.o)
 .debug_abbrev  0x0000000000000fb4      0x107 ../tinymips_monitor_on_nios2_bsp/\libhal_bsp.a(alt_sys_init.o)
 .debug_abbrev  0x00000000000010bb       0xe1 ../tinymips_monitor_on_nios2_bsp/\libhal_bsp.a(altera_avalon_uart_read.o)
 .debug_abbrev  0x000000000000119c       0xe8 ../tinymips_monitor_on_nios2_bsp/\libhal_bsp.a(altera_avalon_uart_write.o)
 .debug_abbrev  0x0000000000001284       0x42 ../tinymips_monitor_on_nios2_bsp/\libhal_bsp.a(alt_dcache_flush_all.o)
 .debug_abbrev  0x00000000000012c6       0xd9 ../tinymips_monitor_on_nios2_bsp/\libhal_bsp.a(alt_dev.o)
 .debug_abbrev  0x000000000000139f       0x5a ../tinymips_monitor_on_nios2_bsp/\libhal_bsp.a(alt_errno.o)
 .debug_abbrev  0x00000000000013f9       0x42 ../tinymips_monitor_on_nios2_bsp/\libhal_bsp.a(alt_icache_flush_all.o)
 .debug_abbrev  0x000000000000143b       0x42 ../tinymips_monitor_on_nios2_bsp/\libhal_bsp.a(altera_nios2_gen2_irq.o)
 .debug_abbrev  0x000000000000147d       0x37 d:/altera_lite/15.1/nios2eds/bin/gnu/h-x86_64-mingw32/bin/../lib/gcc/nios2-elf/4.9.2/../../../../../H-x86_64-mingw32/nios2-elf/lib/mno-hw-mul\libsmallc.a(lib_a-int_errno.o)
 .debug_abbrev  0x00000000000014b4       0x7f d:/altera_lite/15.1/nios2eds/bin/gnu/h-x86_64-mingw32/bin/../lib/gcc/nios2-elf/4.9.2/../../../../../H-x86_64-mingw32/nios2-elf/lib/mno-hw-mul\libsmallc.a(lib_a-strlen.o)

.debug_line     0x0000000000000000     0x1446
 *(.debug_line)
 .debug_line    0x0000000000000000       0x66 ../tinymips_monitor_on_nios2_bsp//obj/HAL/src/crt0.o
 .debug_line    0x0000000000000066      0x171 obj/default/src/hello_world_small.o
 .debug_line    0x00000000000001d7      0x1df obj/default/src/memory_data.o
 .debug_line    0x00000000000003b6       0xa2 obj/default/src/peripheral_driver/dmem.o
 .debug_line    0x0000000000000458       0xa2 obj/default/src/peripheral_driver/imem.o
 .debug_line    0x00000000000004fa       0x8a obj/default/src/peripheral_driver/ioport.o
 .debug_line    0x0000000000000584       0x8c obj/default/src/peripheral_driver/prg_mode.o
 .debug_line    0x0000000000000610       0x87 obj/default/src/peripheral_driver/rst.o
 .debug_line    0x0000000000000697       0xb2 obj/default/src/peripheral_driver/uart.o
 .debug_line    0x0000000000000749       0x93 obj/default/src/utility/hexchar_int.o
 .debug_line    0x00000000000007dc       0x80 obj/default/src/utility/hexformat.o
 .debug_line    0x000000000000085c       0x83 obj/default/src/utility/monitor_command.o
 .debug_line    0x00000000000008df       0xb7 ../tinymips_monitor_on_nios2_bsp/\libhal_bsp.a(alt_getchar.o)
 .debug_line    0x0000000000000996       0xa6 ../tinymips_monitor_on_nios2_bsp/\libhal_bsp.a(alt_load.o)
 .debug_line    0x0000000000000a3c       0xbd ../tinymips_monitor_on_nios2_bsp/\libhal_bsp.a(alt_main.o)
 .debug_line    0x0000000000000af9      0x10d ../tinymips_monitor_on_nios2_bsp/\libhal_bsp.a(alt_printf.o)
 .debug_line    0x0000000000000c06       0x55 ../tinymips_monitor_on_nios2_bsp/\libhal_bsp.a(alt_putchar.o)
 .debug_line    0x0000000000000c5b       0xff ../tinymips_monitor_on_nios2_bsp/\libhal_bsp.a(alt_putstr.o)
 .debug_line    0x0000000000000d5a      0x119 ../tinymips_monitor_on_nios2_bsp/\libhal_bsp.a(alt_sys_init.o)
 .debug_line    0x0000000000000e73       0xfc ../tinymips_monitor_on_nios2_bsp/\libhal_bsp.a(altera_avalon_uart_read.o)
 .debug_line    0x0000000000000f6f       0xec ../tinymips_monitor_on_nios2_bsp/\libhal_bsp.a(altera_avalon_uart_write.o)
 .debug_line    0x000000000000105b       0x4e ../tinymips_monitor_on_nios2_bsp/\libhal_bsp.a(alt_dcache_flush_all.o)
 .debug_line    0x00000000000010a9       0xf3 ../tinymips_monitor_on_nios2_bsp/\libhal_bsp.a(alt_dev.o)
 .debug_line    0x000000000000119c       0x51 ../tinymips_monitor_on_nios2_bsp/\libhal_bsp.a(alt_errno.o)
 .debug_line    0x00000000000011ed       0x4e ../tinymips_monitor_on_nios2_bsp/\libhal_bsp.a(alt_icache_flush_all.o)
 .debug_line    0x000000000000123b       0x50 ../tinymips_monitor_on_nios2_bsp/\libhal_bsp.a(altera_nios2_gen2_irq.o)
 .debug_line    0x000000000000128b       0x5f d:/altera_lite/15.1/nios2eds/bin/gnu/h-x86_64-mingw32/bin/../lib/gcc/nios2-elf/4.9.2/../../../../../H-x86_64-mingw32/nios2-elf/lib/mno-hw-mul\libsmallc.a(lib_a-int_errno.o)
 .debug_line    0x00000000000012ea      0x15c d:/altera_lite/15.1/nios2eds/bin/gnu/h-x86_64-mingw32/bin/../lib/gcc/nios2-elf/4.9.2/../../../../../H-x86_64-mingw32/nios2-elf/lib/mno-hw-mul\libsmallc.a(lib_a-strlen.o)

.debug_frame    0x0000000000000000      0x8b0
 *(.debug_frame)
 .debug_frame   0x0000000000000000      0x170 obj/default/src/hello_world_small.o
 .debug_frame   0x0000000000000170      0x194 obj/default/src/memory_data.o
 .debug_frame   0x0000000000000304       0x70 obj/default/src/peripheral_driver/dmem.o
 .debug_frame   0x0000000000000374       0x70 obj/default/src/peripheral_driver/imem.o
 .debug_frame   0x00000000000003e4       0x30 obj/default/src/peripheral_driver/ioport.o
 .debug_frame   0x0000000000000414       0x30 obj/default/src/peripheral_driver/prg_mode.o
 .debug_frame   0x0000000000000444       0x30 obj/default/src/peripheral_driver/rst.o
 .debug_frame   0x0000000000000474       0x84 obj/default/src/peripheral_driver/uart.o
 .debug_frame   0x00000000000004f8       0x80 obj/default/src/utility/hexchar_int.o
 .debug_frame   0x0000000000000578       0x90 obj/default/src/utility/hexformat.o
 .debug_frame   0x0000000000000608       0x30 obj/default/src/utility/monitor_command.o
 .debug_frame   0x0000000000000638       0x2c ../tinymips_monitor_on_nios2_bsp/\libhal_bsp.a(alt_getchar.o)
 .debug_frame   0x0000000000000664       0x30 ../tinymips_monitor_on_nios2_bsp/\libhal_bsp.a(alt_load.o)
 .debug_frame   0x0000000000000694       0x2c ../tinymips_monitor_on_nios2_bsp/\libhal_bsp.a(alt_main.o)
 .debug_frame   0x00000000000006c0       0x54 ../tinymips_monitor_on_nios2_bsp/\libhal_bsp.a(alt_printf.o)
 .debug_frame   0x0000000000000714       0x30 ../tinymips_monitor_on_nios2_bsp/\libhal_bsp.a(alt_putchar.o)
 .debug_frame   0x0000000000000744       0x30 ../tinymips_monitor_on_nios2_bsp/\libhal_bsp.a(alt_putstr.o)
 .debug_frame   0x0000000000000774       0x3c ../tinymips_monitor_on_nios2_bsp/\libhal_bsp.a(alt_sys_init.o)
 .debug_frame   0x00000000000007b0       0x2c ../tinymips_monitor_on_nios2_bsp/\libhal_bsp.a(altera_avalon_uart_read.o)
 .debug_frame   0x00000000000007dc       0x34 ../tinymips_monitor_on_nios2_bsp/\libhal_bsp.a(altera_avalon_uart_write.o)
 .debug_frame   0x0000000000000810       0x20 ../tinymips_monitor_on_nios2_bsp/\libhal_bsp.a(alt_dcache_flush_all.o)
 .debug_frame   0x0000000000000830       0x20 ../tinymips_monitor_on_nios2_bsp/\libhal_bsp.a(alt_dev.o)
 .debug_frame   0x0000000000000850       0x20 ../tinymips_monitor_on_nios2_bsp/\libhal_bsp.a(alt_icache_flush_all.o)
 .debug_frame   0x0000000000000870       0x20 ../tinymips_monitor_on_nios2_bsp/\libhal_bsp.a(altera_nios2_gen2_irq.o)
 .debug_frame   0x0000000000000890       0x20 d:/altera_lite/15.1/nios2eds/bin/gnu/h-x86_64-mingw32/bin/../lib/gcc/nios2-elf/4.9.2/../../../../../H-x86_64-mingw32/nios2-elf/lib/mno-hw-mul\libsmallc.a(lib_a-strlen.o)

.debug_str      0x0000000000000000      0xf20
 *(.debug_str)
 .debug_str     0x0000000000000000      0x39b obj/default/src/hello_world_small.o
                                        0x3b2 (size before relaxing)
 .debug_str     0x000000000000039b       0xe2 obj/default/src/memory_data.o
                                        0x2e6 (size before relaxing)
 .debug_str     0x000000000000047d       0xb7 obj/default/src/peripheral_driver/dmem.o
                                        0x188 (size before relaxing)
 .debug_str     0x0000000000000534       0x5b obj/default/src/peripheral_driver/imem.o
                                        0x188 (size before relaxing)
 .debug_str     0x000000000000058f       0x1f obj/default/src/peripheral_driver/ioport.o
                                        0x149 (size before relaxing)
 .debug_str     0x00000000000005ae       0x21 obj/default/src/peripheral_driver/prg_mode.o
                                        0x154 (size before relaxing)
 .debug_str     0x00000000000005cf       0x1c obj/default/src/peripheral_driver/rst.o
                                        0x145 (size before relaxing)
 .debug_str     0x00000000000005eb       0x41 obj/default/src/peripheral_driver/uart.o
                                         0xf8 (size before relaxing)
 .debug_str     0x000000000000062c       0x6b obj/default/src/utility/hexchar_int.o
                                        0x11d (size before relaxing)
 .debug_str     0x0000000000000697       0x35 obj/default/src/utility/hexformat.o
                                        0x147 (size before relaxing)
 .debug_str     0x00000000000006cc       0x25 obj/default/src/utility/monitor_command.o
                                        0x1b8 (size before relaxing)
 .debug_str     0x00000000000006f1      0x13e ../tinymips_monitor_on_nios2_bsp/\libhal_bsp.a(alt_getchar.o)
                                        0x231 (size before relaxing)
 .debug_str     0x000000000000082f      0x11b ../tinymips_monitor_on_nios2_bsp/\libhal_bsp.a(alt_load.o)
                                        0x246 (size before relaxing)
 .debug_str     0x000000000000094a       0x5e ../tinymips_monitor_on_nios2_bsp/\libhal_bsp.a(alt_main.o)
                                        0x1bf (size before relaxing)
 .debug_str     0x00000000000009a8       0x53 ../tinymips_monitor_on_nios2_bsp/\libhal_bsp.a(alt_printf.o)
                                        0x11c (size before relaxing)
 .debug_str     0x00000000000009fb       0x2f ../tinymips_monitor_on_nios2_bsp/\libhal_bsp.a(alt_putchar.o)
                                        0x186 (size before relaxing)
 .debug_str     0x0000000000000a2a       0x23 ../tinymips_monitor_on_nios2_bsp/\libhal_bsp.a(alt_putstr.o)
                                        0x192 (size before relaxing)
 .debug_str     0x0000000000000a4d       0xcb ../tinymips_monitor_on_nios2_bsp/\libhal_bsp.a(alt_sys_init.o)
                                        0x269 (size before relaxing)
 .debug_str     0x0000000000000b18       0x4b ../tinymips_monitor_on_nios2_bsp/\libhal_bsp.a(altera_avalon_uart_read.o)
                                        0x20b (size before relaxing)
 .debug_str     0x0000000000000b63       0x27 ../tinymips_monitor_on_nios2_bsp/\libhal_bsp.a(altera_avalon_uart_write.o)
                                        0x213 (size before relaxing)
 .debug_str     0x0000000000000b8a       0x1f ../tinymips_monitor_on_nios2_bsp/\libhal_bsp.a(alt_dcache_flush_all.o)
                                        0x15f (size before relaxing)
 .debug_str     0x0000000000000ba9      0x120 ../tinymips_monitor_on_nios2_bsp/\libhal_bsp.a(alt_dev.o)
                                        0x30f (size before relaxing)
 .debug_str     0x0000000000000cc9       0x14 ../tinymips_monitor_on_nios2_bsp/\libhal_bsp.a(alt_errno.o)
                                        0x14f (size before relaxing)
 .debug_str     0x0000000000000cdd       0x1f ../tinymips_monitor_on_nios2_bsp/\libhal_bsp.a(alt_icache_flush_all.o)
                                        0x15f (size before relaxing)
 .debug_str     0x0000000000000cfc       0x20 ../tinymips_monitor_on_nios2_bsp/\libhal_bsp.a(altera_nios2_gen2_irq.o)
                                        0x166 (size before relaxing)
 .debug_str     0x0000000000000d1c      0x132 d:/altera_lite/15.1/nios2eds/bin/gnu/h-x86_64-mingw32/bin/../lib/gcc/nios2-elf/4.9.2/../../../../../H-x86_64-mingw32/nios2-elf/lib/mno-hw-mul\libsmallc.a(lib_a-int_errno.o)
                                        0x1ca (size before relaxing)
 .debug_str     0x0000000000000e4e       0xd2 d:/altera_lite/15.1/nios2eds/bin/gnu/h-x86_64-mingw32/bin/../lib/gcc/nios2-elf/4.9.2/../../../../../H-x86_64-mingw32/nios2-elf/lib/mno-hw-mul\libsmallc.a(lib_a-strlen.o)
                                        0x1d7 (size before relaxing)

.debug_loc      0x0000000000000000      0xfa3
 *(.debug_loc)
 .debug_loc     0x0000000000000000      0x111 obj/default/src/hello_world_small.o
 .debug_loc     0x0000000000000111      0x495 obj/default/src/memory_data.o
 .debug_loc     0x00000000000005a6       0x21 obj/default/src/peripheral_driver/dmem.o
 .debug_loc     0x00000000000005c7       0x21 obj/default/src/peripheral_driver/imem.o
 .debug_loc     0x00000000000005e8       0xea obj/default/src/peripheral_driver/uart.o
 .debug_loc     0x00000000000006d2      0x247 obj/default/src/utility/hexchar_int.o
 .debug_loc     0x0000000000000919      0x19f obj/default/src/utility/hexformat.o
 .debug_loc     0x0000000000000ab8       0x21 obj/default/src/utility/monitor_command.o
 .debug_loc     0x0000000000000ad9      0x1c6 ../tinymips_monitor_on_nios2_bsp/\libhal_bsp.a(alt_printf.o)
 .debug_loc     0x0000000000000c9f       0x2c ../tinymips_monitor_on_nios2_bsp/\libhal_bsp.a(alt_putchar.o)
 .debug_loc     0x0000000000000ccb       0x37 ../tinymips_monitor_on_nios2_bsp/\libhal_bsp.a(alt_putstr.o)
 .debug_loc     0x0000000000000d02       0x21 ../tinymips_monitor_on_nios2_bsp/\libhal_bsp.a(alt_sys_init.o)
 .debug_loc     0x0000000000000d23      0x106 ../tinymips_monitor_on_nios2_bsp/\libhal_bsp.a(altera_avalon_uart_read.o)
 .debug_loc     0x0000000000000e29      0x15c ../tinymips_monitor_on_nios2_bsp/\libhal_bsp.a(altera_avalon_uart_write.o)
 .debug_loc     0x0000000000000f85       0x1e d:/altera_lite/15.1/nios2eds/bin/gnu/h-x86_64-mingw32/bin/../lib/gcc/nios2-elf/4.9.2/../../../../../H-x86_64-mingw32/nios2-elf/lib/mno-hw-mul\libsmallc.a(lib_a-strlen.o)

.debug_macinfo
 *(.debug_macinfo)

.debug_weaknames
 *(.debug_weaknames)

.debug_funcnames
 *(.debug_funcnames)

.debug_typenames
 *(.debug_typenames)

.debug_varnames
 *(.debug_varnames)

.debug_alt_sim_info
                0x0000000000000000       0x10
 *(.debug_alt_sim_info)
 .debug_alt_sim_info
                0x0000000000000000       0x10 ../tinymips_monitor_on_nios2_bsp//obj/HAL/src/crt0.o
                0x000000000000a000                __alt_data_end = 0xa000
                0x000000000000a000                PROVIDE (__alt_stack_pointer, __alt_data_end)
                0x00000000000094c8                PROVIDE (__alt_stack_limit, __alt_stack_base)
                0x00000000000094c8                PROVIDE (__alt_heap_start, end)
                0x000000000000a000                PROVIDE (__alt_heap_limit, 0xa000)
OUTPUT(tinymips_monitor_on_nios2.elf elf32-littlenios2)

.debug_ranges   0x0000000000000000       0xc8
 .debug_ranges  0x0000000000000000       0x20 ../tinymips_monitor_on_nios2_bsp//obj/HAL/src/crt0.o
 .debug_ranges  0x0000000000000020       0x18 obj/default/src/hello_world_small.o
 .debug_ranges  0x0000000000000038       0x48 ../tinymips_monitor_on_nios2_bsp/\libhal_bsp.a(alt_load.o)
 .debug_ranges  0x0000000000000080       0x18 ../tinymips_monitor_on_nios2_bsp/\libhal_bsp.a(alt_printf.o)
 .debug_ranges  0x0000000000000098       0x20 ../tinymips_monitor_on_nios2_bsp/\libhal_bsp.a(altera_avalon_uart_read.o)
 .debug_ranges  0x00000000000000b8       0x10 d:/altera_lite/15.1/nios2eds/bin/gnu/h-x86_64-mingw32/bin/../lib/gcc/nios2-elf/4.9.2/../../../../../H-x86_64-mingw32/nios2-elf/lib/mno-hw-mul\libsmallc.a(lib_a-strlen.o)
